
> backend@1.0.0 build
> tsc

src/config/loader.ts(33,21): error TS2352: Conversion of type 'Record<string, unknown>' to type 'AppConfig' may be a mistake because neither type sufficiently overlaps with the other. If this was intentional, convert the expression to 'unknown' first.
  Type 'Record<string, unknown>' is missing the following properties from type 'AppConfig': include_keywords, exclude_keywords, locations, reddit, and 6 more.
src/config/loader.ts(33,31): error TS2345: Argument of type 'AppConfig' is not assignable to parameter of type 'Record<string, unknown>'.
  Index signature for type 'string' is missing in type 'AppConfig'.
node.exe : npm 
error Lifecycle 
script `build` 
failed with error:
At C:\Program Files\
nodejs\npm.ps1:29 
char:3
+   & $NODE_EXE 
$NPM_CLI_JS $args
+   ~~~~~~~~~~~~~~~~
~~~~~~~~~~~~~
    + CategoryInfo  
            : NotS  
  pecified: (npm    
 error Lifec...l    
ed with error::    
String) [], Rem    
oteException
    + FullyQualifie 
   dErrorId : Nati  
  veCommandError
 
npm error code 2
npm error path C:\Us
ers\ravi7\Downloads\
autocomments_app\app
s\backend
npm error workspace 
backend@1.0.0
npm error location C
:\Users\ravi7\Downlo
ads\autocomments_app
\apps\backend
npm error command 
failed
npm error command C:
\Windows\system32\cm
d.exe /d /s /c tsc
